
Running 41 tests using 1 worker

  ✓   1 tests/browser/fec-local.spec.mjs:6:1 › Worker, exemple, CSV/JSON entier, CSP et zéro transmission/stockage (1.2s)
  ✓   2 tests/browser/fec-local.spec.mjs:30:1 › pagination 300, export complet et sélection non écrasée par exemple (1.4s)
  ✓   3 tests/browser/fec-local.spec.mjs:42:1 › refus 20 Mo, profil hors périmètre, calendrier et Windows-1252 réel (2.7s)
  ✓   4 tests/browser/fec-local.spec.mjs:54:1 › annulation interrompt le Worker sans rapport complet ni perte de sélection (338ms)
  ✓   5 tests/browser/fec-local.spec.mjs:62:1 › refus mémoire dans le vrai Worker sans export incomplet (738ms)
  ✓   6 tests/browser/fec-local.spec.mjs:68:1 › exemple : les choix saisis restent intacts (516ms)
  ✓   7 tests/browser/fec-local.spec.mjs:77:50 › SEO, reflow et capture 320 (464ms)
  ✓   8 tests/browser/fec-local.spec.mjs:77:50 › SEO, reflow et capture 375 (762ms)
  ✓   9 tests/browser/fec-local.spec.mjs:77:50 › SEO, reflow et capture 768 (609ms)
  ✓  10 tests/browser/fec-local.spec.mjs:77:50 › SEO, reflow et capture 1024 (563ms)
  ✓  11 tests/browser/fec-local.spec.mjs:77:50 › SEO, reflow et capture 1440 (884ms)
  ✓  12 tests/browser/fec-local.spec.mjs:77:50 › SEO, reflow et capture 1920 (434ms)
  ✓  13 tests/browser/outils.spec.ts:14:1 › hub : outils disponibles et schéma de collection (327ms)
  ✓  14 tests/browser/outils.spec.ts:35:1 › footer : le hub et les outils publiés sont générés, le témoin reste absent (525ms)
  ✓  15 tests/browser/outils.spec.ts:44:1 › marge : calcul exact, marge négative et refus visibles (907ms)
  ✓  16 tests/browser/outils.spec.ts:64:1 › marge : exemple, copie, export, effacement et événements de mesure (1.1s)
  ✓  17 tests/browser/outils.spec.ts:97:1 › échéance : les deux conventions divergent et l’absence de convention est refusée (2.0s)
  ✓  18 tests/browser/outils.spec.ts:130:1 › amortissement : plan linéaire tracé, dégressif confirmé et entrées incohérentes refusées (5.2s)
  ✓  19 tests/browser/outils.spec.ts:205:1 › rapprochement : CSV exact et refus d’une différence (3.5s)
  ✓  20 tests/browser/outils.spec.ts:238:1 › contrat de liens : le registre borne les outils publiés et leurs sorties (670ms)
  ✓  21 tests/browser/outils.spec.ts:254:1 › pour continuer : trois niveaux lisibles, clavier et responsive sans débordement (619ms)
  ✓  22 tests/browser/outils.spec.ts:280:1 › outils publiés : métadonnées, source datée et schémas concordent (729ms)
  ✓  23 tests/browser/outils.spec.ts:308:1 › outils et services : les entrées respectent la préférence de mouvement réduit (293ms)
  ✓  24 tests/browser/outils.spec.ts:325:1 › maillage entrant : trois contextes rendus par outil, dont le hub et une ressource exacte (562ms)
  ✓  25 tests/browser/outils.spec.ts:343:1 › outils publiés : zéro requête et zéro stockage après armement (5.6s)
  ✓  26 tests/browser/outils.spec.ts:395:1 › témoin : noindex, CSP, quatre surfaces et liens sortants concordants (213ms)
  ✓  27 tests/browser/outils.spec.ts:423:1 › témoin : le garde détecte toute requête après armement, puis exige zéro (1.6s)
  ✓  28 tests/browser/outils.spec.ts:469:1 › outil vers contact : origine attribuée sans envoi avant validation volontaire (926ms)
  ✓  29 tests/browser/outils.spec.ts:501:3 › hub, outils et témoin sans débordement à 320px (569ms)
  ✓  30 tests/browser/outils.spec.ts:501:3 › hub, outils et témoin sans débordement à 375px (428ms)
  ✓  31 tests/browser/outils.spec.ts:501:3 › hub, outils et témoin sans débordement à 768px (578ms)
  ✓  32 tests/browser/outils.spec.ts:501:3 › hub, outils et témoin sans débordement à 1024px (550ms)
  ✓  33 tests/browser/outils.spec.ts:501:3 › hub, outils et témoin sans débordement à 1440px (580ms)
  ✓  34 tests/browser/outils.spec.ts:501:3 › hub, outils et témoin sans débordement à 1920px (573ms)
  ✓  35 tests/browser/template-a.spec.ts:5:3 › gabarit : destinations visibles et CTA effectif à 320px (1.5s)
  ✓  36 tests/browser/template-a.spec.ts:5:3 › gabarit : destinations visibles et CTA effectif à 375px (1.8s)
  ✓  37 tests/browser/template-a.spec.ts:5:3 › gabarit : destinations visibles et CTA effectif à 768px (1.9s)
  ✓  38 tests/browser/template-a.spec.ts:5:3 › gabarit : destinations visibles et CTA effectif à 1024px (1.0s)
  ✓  39 tests/browser/template-a.spec.ts:5:3 › gabarit : destinations visibles et CTA effectif à 1440px (1.1s)
  ✓  40 tests/browser/template-a.spec.ts:5:3 › gabarit : destinations visibles et CTA effectif à 1920px (1.3s)
  ✓  41 tests/browser/template-a.spec.ts:43:1 › dates : aucun repli inventé ; les dates éditoriales explicites restent concordantes (588ms)

  41 passed (49.4s)
