
Running 209 tests using 1 worker

  ✓    1 tests/browser/bento-harmonisation.spec.ts:4:3 › bento : palette et cinq pictogrammes uniformes à 320 (3.6s)
  ✓    2 tests/browser/bento-harmonisation.spec.ts:4:3 › bento : palette et cinq pictogrammes uniformes à 375 (473ms)
  ✓    3 tests/browser/bento-harmonisation.spec.ts:4:3 › bento : palette et cinq pictogrammes uniformes à 768 (402ms)
  ✓    4 tests/browser/bento-harmonisation.spec.ts:4:3 › bento : palette et cinq pictogrammes uniformes à 1024 (314ms)
  ✓    5 tests/browser/bento-harmonisation.spec.ts:4:3 › bento : palette et cinq pictogrammes uniformes à 1440 (506ms)
  ✓    6 tests/browser/bento-harmonisation.spec.ts:4:3 › bento : palette et cinq pictogrammes uniformes à 1920 (402ms)
  ✓    7 tests/browser/blog-cicatrice-mobile.spec.ts:11:3 › Cicatrice tests verts : figures 1600 × 900 et CTA à 320px (1.8s)
  ✓    8 tests/browser/blog-cicatrice-mobile.spec.ts:11:3 › Cicatrice tests verts : figures 1600 × 900 et CTA à 375px (1.4s)
  ✓    9 tests/browser/blog-cicatrice-mobile.spec.ts:11:3 › Cicatrice tests verts : figures 1600 × 900 et CTA à 1440px (1.4s)
  ✓   10 tests/browser/blog-proof-mobile.spec.ts:14:3 › fixture technique forge/CSS (non publiée) à 320px (6.7s)
  ✓   11 tests/browser/blog-proof-mobile.spec.ts:14:3 › republication réelle des sept articles à 320px (6.8s)
  ✓   12 tests/browser/blog-proof-mobile.spec.ts:14:3 › fixture technique forge/CSS (non publiée) à 375px (5.6s)
  ✓   13 tests/browser/blog-proof-mobile.spec.ts:14:3 › republication réelle des sept articles à 375px (7.5s)
  ✓   14 tests/browser/blog-proof-mobile.spec.ts:14:3 › fixture technique forge/CSS (non publiée) à 1440px (6.7s)
  ✓   15 tests/browser/blog-proof-mobile.spec.ts:14:3 › republication réelle des sept articles à 1440px (8.9s)
  ✓   16 tests/browser/blog.spec.ts:15:1 › liste du blog : articles, auteur, flux et navigation courante (375ms)
  ✓   17 tests/browser/blog.spec.ts:37:1 › flux RSS servi en XML et cohérent avec la liste (286ms)
  ✓   18 tests/browser/blog.spec.ts:52:1 › article : en-tête, fil d’Ariane, schéma, sources et retour à la liste (735ms)
  ✓   19 tests/browser/blog.spec.ts:91:3 › blog et article sans débordement à 320px (2.4s)
  ✓   20 tests/browser/blog.spec.ts:91:3 › blog et article sans débordement à 375px (2.8s)
  ✓   21 tests/browser/blog.spec.ts:91:3 › blog et article sans débordement à 768px (1.5s)
  ✓   22 tests/browser/blog.spec.ts:91:3 › blog et article sans débordement à 1024px (1.6s)
  ✓   23 tests/browser/blog.spec.ts:91:3 › blog et article sans débordement à 1440px (1.8s)
  ✓   24 tests/browser/blog.spec.ts:107:1 › article sans JavaScript : contenu et navigation visibles (334ms)
  ✓   25 tests/browser/blog.spec.ts:117:1 › le pilier ouvre la page dans son propre bloc, et ne figure pas dans la liste (284ms)
  ✓   26 tests/browser/contact-form.spec.ts:9:1 › contact : sans JavaScript, le formulaire reste bloqué et le courriel reste disponible (455ms)
  ✓   27 tests/browser/contact-form.spec.ts:29:1 › contact : avec JavaScript, l’envoi reste en place et affiche le résultat (3.8s)
  ✓   28 tests/browser/contact-form.spec.ts:86:1 › contact : expiration et champs préservés sur mobile (248ms)
  ✓   29 tests/browser/contact-form.spec.ts:104:3 › contact : widget Turnstile atteignable sans débordement à 320 px (450ms)
  ✓   30 tests/browser/contact-form.spec.ts:104:3 › contact : widget Turnstile atteignable sans débordement à 375 px (549ms)
  ✓   31 tests/browser/contact-form.spec.ts:104:3 › contact : widget Turnstile atteignable sans débordement à 768 px (491ms)
  ✓   32 tests/browser/contact-form.spec.ts:125:1 › contact : échec de chargement du widget, aucun envoi et alternative courriel (238ms)
  ✓   33 tests/browser/contact-form.spec.ts:136:1 › contact : la page d’erreur nomme le champ refusé quand la fonction le lui dit, et reste juste sans lui (480ms)
  ✓   34 tests/browser/contact-form.spec.ts:148:1 › contact : les deux pages de réponse existent, hors index, avec un retour au formulaire (254ms)
  ✓   35 tests/browser/fec-local.spec.mjs:6:1 › Worker, exemple, CSV/JSON entier, CSP et zéro transmission/stockage (1.2s)
  ✓   36 tests/browser/fec-local.spec.mjs:30:1 › pagination 300, export complet et sélection non écrasée par exemple (1.3s)
  ✓   37 tests/browser/fec-local.spec.mjs:42:1 › refus 20 Mo, profil hors périmètre, calendrier et Windows-1252 réel (2.7s)
  ✓   38 tests/browser/fec-local.spec.mjs:54:1 › annulation interrompt le Worker sans rapport complet ni perte de sélection (330ms)
  ✓   39 tests/browser/fec-local.spec.mjs:62:1 › refus mémoire dans le vrai Worker sans export incomplet (531ms)
  ✓   40 tests/browser/fec-local.spec.mjs:68:50 › SEO, reflow et capture 320 (556ms)
  ✓   41 tests/browser/fec-local.spec.mjs:68:50 › SEO, reflow et capture 375 (770ms)
  ✓   42 tests/browser/fec-local.spec.mjs:68:50 › SEO, reflow et capture 768 (574ms)
  ✓   43 tests/browser/fec-local.spec.mjs:68:50 › SEO, reflow et capture 1024 (638ms)
  ✓   44 tests/browser/fec-local.spec.mjs:68:50 › SEO, reflow et capture 1440 (967ms)
  ✓   45 tests/browser/fec-local.spec.mjs:68:50 › SEO, reflow et capture 1920 (486ms)
  ✓   46 tests/browser/glossary.spec.ts:16:1 › glossaire : 53 termes, alphabet réel, canonical, breadcrumb et schéma (330ms)
  ✓   47 tests/browser/glossary.spec.ts:32:1 › recherche progressive : filtre, état vide puis restauration (459ms)
  ✓   48 tests/browser/glossary.spec.ts:51:3 › glossaire sans débordement à 320px (409ms)
  ✓   49 tests/browser/glossary.spec.ts:51:3 › glossaire sans débordement à 375px (341ms)
  ✓   50 tests/browser/glossary.spec.ts:51:3 › glossaire sans débordement à 768px (285ms)
  ✓   51 tests/browser/glossary.spec.ts:51:3 › glossaire sans débordement à 1024px (375ms)
  ✓   52 tests/browser/glossary.spec.ts:51:3 › glossaire sans débordement à 1440px (310ms)
  ✓   53 tests/browser/glossary.spec.ts:51:3 › glossaire sans débordement à 1920px (403ms)
  ✓   54 tests/browser/glossary.spec.ts:60:1 › glossaire sans JavaScript : toutes les entrées et les ancres restent utilisables (514ms)
  ✓   55 tests/browser/indexable-page-contract.spec.ts:14:3 › pages indexables contractualisées — structure visible à 320px (619ms)
  ✓   56 tests/browser/indexable-page-contract.spec.ts:14:3 › pages indexables contractualisées — structure visible à 375px (535ms)
  ✓   57 tests/browser/indexable-page-contract.spec.ts:14:3 › pages indexables contractualisées — structure visible à 768px (645ms)
  ✓   58 tests/browser/indexable-page-contract.spec.ts:14:3 › pages indexables contractualisées — structure visible à 1024px (583ms)
  ✓   59 tests/browser/indexable-page-contract.spec.ts:14:3 › pages indexables contractualisées — structure visible à 1440px (707ms)
  ✓   60 tests/browser/indexable-page-contract.spec.ts:14:3 › pages indexables contractualisées — structure visible à 1920px (543ms)
  ✓   61 tests/browser/integrated-media.spec.ts:5:1 › R8 démarre muette en boucle puis repart à zéro avec le son (3.3s)
  ✓   62 tests/browser/integrated-media.spec.ts:69:1 › surface, Entrée et Espace basculent uniquement pause et reprise (3.5s)
  ✓   63 tests/browser/integrated-media.spec.ts:95:3 › reduced-motion garde le poster et une action explicite à 320px (277ms)
  ✓   64 tests/browser/integrated-media.spec.ts:95:3 › reduced-motion garde le poster et une action explicite à 375px (279ms)
  ✓   65 tests/browser/integrated-media.spec.ts:95:3 › reduced-motion garde le poster et une action explicite à 768px (233ms)
  ✓   66 tests/browser/integrated-media.spec.ts:95:3 › reduced-motion garde le poster et une action explicite à 1024px (429ms)
  ✓   67 tests/browser/integrated-media.spec.ts:95:3 › reduced-motion garde le poster et une action explicite à 1440px (352ms)
  ✓   68 tests/browser/integrated-media.spec.ts:95:3 › reduced-motion garde le poster et une action explicite à 1920px (510ms)
  ✓   69 tests/browser/integrated-media.spec.ts:127:1 › un refus autoplay affiche un état accessible et actionnable (380ms)
  ✓   70 tests/browser/integrated-media.spec.ts:148:1 › une erreur média affiche un fallback téléchargeable sans faux état de lecture (275ms)
  ✓   71 tests/browser/integrated-media.spec.ts:160:1 › fallback et sous-titres restent disponibles sans JavaScript (343ms)
  ✓   72 tests/browser/integrations.spec.ts:16:3 › les neuf pages intégrations restent lisibles à 320px (645ms)
  ✓   73 tests/browser/integrations.spec.ts:16:3 › les neuf pages intégrations restent lisibles à 375px (534ms)
  ✓   74 tests/browser/integrations.spec.ts:16:3 › les neuf pages intégrations restent lisibles à 768px (557ms)
  ✓   75 tests/browser/integrations.spec.ts:16:3 › les neuf pages intégrations restent lisibles à 1024px (626ms)
  ✓   76 tests/browser/integrations.spec.ts:16:3 › les neuf pages intégrations restent lisibles à 1440px (544ms)
  ✓   77 tests/browser/integrations.spec.ts:16:3 › les neuf pages intégrations restent lisibles à 1920px (676ms)
  ✓   78 tests/browser/integrations.spec.ts:43:1 › le hub, les moyeux et le footer relient la vague forte (455ms)
  ✓   79 tests/browser/integrations.spec.ts:54:1 › les dix pages gardent leurs repères accessibles essentiels (563ms)
  ✓   80 tests/browser/integrations.spec.ts:74:1 › sans JavaScript, le contenu, la preuve et le retour au moyeu restent servis (280ms)
  ✓   81 tests/browser/manual-page-contract.spec.ts:14:3 › pages manuelles noindex — contrat visible à 320px (391ms)
  ✓   82 tests/browser/manual-page-contract.spec.ts:14:3 › pages manuelles noindex — contrat visible à 375px (427ms)
  ✓   83 tests/browser/manual-page-contract.spec.ts:14:3 › pages manuelles noindex — contrat visible à 768px (532ms)
  ✓   84 tests/browser/manual-page-contract.spec.ts:14:3 › pages manuelles noindex — contrat visible à 1024px (475ms)
  ✓   85 tests/browser/manual-page-contract.spec.ts:14:3 › pages manuelles noindex — contrat visible à 1440px (510ms)
  ✓   86 tests/browser/manual-page-contract.spec.ts:14:3 › pages manuelles noindex — contrat visible à 1920px (445ms)
  ✓   87 tests/browser/navigation-mobile-visible.spec.ts:26:5 › navigation visible et tactile 320x844 (294ms)
  ✓   88 tests/browser/navigation-mobile-visible.spec.ts:26:5 › navigation visible et tactile 320x568 (343ms)
  ✓   89 tests/browser/navigation-mobile-visible.spec.ts:26:5 › navigation visible et tactile 320x360 (241ms)
  ✓   90 tests/browser/navigation-mobile-visible.spec.ts:26:5 › navigation visible et tactile 375x844 (420ms)
  ✓   91 tests/browser/navigation-mobile-visible.spec.ts:26:5 › navigation visible et tactile 375x568 (313ms)
  ✓   92 tests/browser/navigation-mobile-visible.spec.ts:26:5 › navigation visible et tactile 375x360 (393ms)
  ✓   93 tests/browser/navigation-mobile-visible.spec.ts:26:5 › navigation visible et tactile 390x844 (510ms)
  ✓   94 tests/browser/navigation-mobile-visible.spec.ts:26:5 › navigation visible et tactile 390x568 (326ms)
  ✓   95 tests/browser/navigation-mobile-visible.spec.ts:26:5 › navigation visible et tactile 390x360 (312ms)
  ✓   96 tests/browser/navigation-mobile-visible.spec.ts:26:5 › navigation visible et tactile 430x844 (371ms)
  ✓   97 tests/browser/navigation-mobile-visible.spec.ts:26:5 › navigation visible et tactile 430x568 (332ms)
  ✓   98 tests/browser/navigation-mobile-visible.spec.ts:26:5 › navigation visible et tactile 430x360 (360ms)
  ✓   99 tests/browser/navigation-mobile-visible.spec.ts:26:5 › navigation visible et tactile 768x844 (300ms)
  ✓  100 tests/browser/navigation-mobile-visible.spec.ts:26:5 › navigation visible et tactile 768x568 (241ms)
  ✓  101 tests/browser/navigation-mobile-visible.spec.ts:26:5 › navigation visible et tactile 768x360 (335ms)
  ✓  102 tests/browser/navigation-mobile-visible.spec.ts:49:1 › navigation visible : chaque destination atteint son fragment (987ms)
  ✓  103 tests/browser/navigation-mobile-visible.spec.ts:59:1 › navigation visible : deux lignes à 320 px sans défilement horizontal (266ms)
  ✓  104 tests/browser/navigation-mobile.spec.ts:31:5 › bandeau lisible sans action 320x844 (825ms)
  ✓  105 tests/browser/navigation-mobile.spec.ts:31:5 › bandeau lisible sans action 320x568 (844ms)
  ✓  106 tests/browser/navigation-mobile.spec.ts:31:5 › bandeau lisible sans action 320x360 (805ms)
  ✓  107 tests/browser/navigation-mobile.spec.ts:31:5 › bandeau lisible sans action 375x844 (869ms)
  ✓  108 tests/browser/navigation-mobile.spec.ts:31:5 › bandeau lisible sans action 375x568 (863ms)
  ✓  109 tests/browser/navigation-mobile.spec.ts:31:5 › bandeau lisible sans action 375x360 (1.0s)
  ✓  110 tests/browser/navigation-mobile.spec.ts:31:5 › bandeau lisible sans action 390x844 (878ms)
  ✓  111 tests/browser/navigation-mobile.spec.ts:31:5 › bandeau lisible sans action 390x568 (1.1s)
  ✓  112 tests/browser/navigation-mobile.spec.ts:31:5 › bandeau lisible sans action 390x360 (726ms)
  ✓  113 tests/browser/navigation-mobile.spec.ts:31:5 › bandeau lisible sans action 430x844 (1.1s)
  ✓  114 tests/browser/navigation-mobile.spec.ts:31:5 › bandeau lisible sans action 430x568 (888ms)
  ✓  115 tests/browser/navigation-mobile.spec.ts:31:5 › bandeau lisible sans action 430x360 (730ms)
  ✓  116 tests/browser/navigation-mobile.spec.ts:31:5 › bandeau lisible sans action 768x844 (730ms)
  ✓  117 tests/browser/navigation-mobile.spec.ts:31:5 › bandeau lisible sans action 768x568 (1.0s)
  ✓  118 tests/browser/navigation-mobile.spec.ts:31:5 › bandeau lisible sans action 768x360 (807ms)
  ✓  119 tests/browser/navigation-mobile.spec.ts:58:1 › navigation mobile : ordre du clavier et destinations publiées (306ms)
  ✓  120 tests/browser/navigation-mobile.spec.ts:74:1 › bandeau : aucune réservation externe, l’action mène à /contact (523ms)
  ✓  121 tests/browser/navigation-mobile.spec.ts:85:1 › sans JavaScript : les quatre entrées visibles et l’action restent servies (431ms)
  ✓  122 tests/browser/navigation-mobile.spec.ts:98:1 › ancre : après défilement, un fragment atterrit sur sa cible (2.6s)
  ✓  123 tests/browser/outils.spec.ts:14:1 › hub : outils disponibles et schéma de collection (352ms)
  ✓  124 tests/browser/outils.spec.ts:35:1 › footer : le hub et les outils publiés sont générés, le témoin reste absent (412ms)
  ✓  125 tests/browser/outils.spec.ts:44:1 › marge : calcul exact, marge négative et refus visibles (2.1s)
  ✓  126 tests/browser/outils.spec.ts:64:1 › marge : exemple, copie, export, effacement et événements de mesure (1.3s)
  ✓  127 tests/browser/outils.spec.ts:97:1 › échéance : les deux conventions divergent et l’absence de convention est refusée (1.5s)
  ✓  128 tests/browser/outils.spec.ts:130:1 › amortissement : plan linéaire tracé, dégressif confirmé et entrées incohérentes refusées (8.3s)
  ✓  129 tests/browser/outils.spec.ts:205:1 › rapprochement : CSV exact et refus d’une différence (1.8s)
  ✓  130 tests/browser/outils.spec.ts:238:1 › contrat de liens : le registre borne les outils publiés et leurs sorties (665ms)
  ✓  131 tests/browser/outils.spec.ts:254:1 › pour continuer : trois niveaux lisibles, clavier et responsive sans débordement (945ms)
  ✓  132 tests/browser/outils.spec.ts:280:1 › outils publiés : métadonnées, source datée et schémas concordent (630ms)
  ✓  133 tests/browser/outils.spec.ts:308:1 › outils et services : les entrées respectent la préférence de mouvement réduit (508ms)
  ✓  134 tests/browser/outils.spec.ts:325:1 › maillage entrant : trois contextes rendus par outil, dont le hub et une ressource exacte (684ms)
  ✘  135 tests/browser/outils.spec.ts:343:1 › outils publiés : zéro requête et zéro stockage après armement (1.1s)
  ✓  136 tests/browser/outils.spec.ts:395:1 › témoin : noindex, CSP, quatre surfaces et liens sortants concordants (603ms)
  ✓  137 tests/browser/outils.spec.ts:423:1 › témoin : le garde détecte toute requête après armement, puis exige zéro (2.2s)
  ✓  138 tests/browser/outils.spec.ts:469:1 › outil vers contact : origine attribuée sans envoi avant validation volontaire (3.1s)
  ✓  139 tests/browser/outils.spec.ts:501:3 › hub, outils et témoin sans débordement à 320px (488ms)
  ✓  140 tests/browser/outils.spec.ts:501:3 › hub, outils et témoin sans débordement à 375px (437ms)
  ✓  141 tests/browser/outils.spec.ts:501:3 › hub, outils et témoin sans débordement à 768px (473ms)
  ✓  142 tests/browser/outils.spec.ts:501:3 › hub, outils et témoin sans débordement à 1024px (522ms)
  ✓  143 tests/browser/outils.spec.ts:501:3 › hub, outils et témoin sans débordement à 1440px (585ms)
  ✓  144 tests/browser/outils.spec.ts:501:3 › hub, outils et témoin sans débordement à 1920px (501ms)
  ✓  145 tests/browser/page-contract-mobile.spec.ts:6:3 › contrat de page — navigation et largeur à 320px (577ms)
  ✓  146 tests/browser/page-contract-mobile.spec.ts:6:3 › contrat de page — navigation et largeur à 375px (407ms)
  ✓  147 tests/browser/page-contract-mobile.spec.ts:6:3 › contrat de page — navigation et largeur à 768px (267ms)
  ✓  148 tests/browser/page-contract-mobile.spec.ts:6:3 › contrat de page — navigation et largeur à 1024px (414ms)
  ✓  149 tests/browser/page-contract-mobile.spec.ts:6:3 › contrat de page — navigation et largeur à 1440px (435ms)
  ✓  150 tests/browser/page-contract-mobile.spec.ts:6:3 › contrat de page — navigation et largeur à 1920px (498ms)
  ✓  151 tests/browser/page-evidence.spec.ts:12:3 › les sources se terminent avant l’appel final à 320px (487ms)
  ✓  152 tests/browser/page-evidence.spec.ts:12:3 › les sources se terminent avant l’appel final à 375px (430ms)
  ✓  153 tests/browser/page-evidence.spec.ts:12:3 › les sources se terminent avant l’appel final à 768px (544ms)
  ✓  154 tests/browser/page-evidence.spec.ts:12:3 › les sources se terminent avant l’appel final à 1024px (506ms)
  ✓  155 tests/browser/page-evidence.spec.ts:12:3 › les sources se terminent avant l’appel final à 1440px (464ms)
  ✓  156 tests/browser/page-evidence.spec.ts:12:3 › les sources se terminent avant l’appel final à 1920px (534ms)
  ✓  157 tests/browser/positioning.spec.ts:8:3 › positionnement service sur /mentions-legales (695ms)
  ✓  158 tests/browser/positioning.spec.ts:8:3 › positionnement service sur /politique-de-confidentialite (594ms)
  ✓  159 tests/browser/positioning.spec.ts:8:3 › positionnement service sur /m3-page-inexistante (503ms)
  ✓  160 tests/browser/proof-layout.spec.ts:5:3 › preuves latérales et cadrage intégral à 320 (1.9s)
  ✓  161 tests/browser/proof-layout.spec.ts:5:3 › preuves latérales et cadrage intégral à 375 (1.4s)
  ✓  162 tests/browser/proof-layout.spec.ts:5:3 › preuves latérales et cadrage intégral à 768 (2.2s)
  ✓  163 tests/browser/proof-layout.spec.ts:5:3 › preuves latérales et cadrage intégral à 1280 (1.9s)
  ✓  164 tests/browser/proof-layout.spec.ts:5:3 › preuves latérales et cadrage intégral à 1440 (1.9s)
  ✓  165 tests/browser/responsive-site-v2.spec.ts:14:3 › pages v2 sans débordement ni titre manquant 320x740 (717ms)
  ✓  166 tests/browser/responsive-site-v2.spec.ts:14:3 › pages v2 sans débordement ni titre manquant 375x812 (788ms)
  ✓  167 tests/browser/responsive-site-v2.spec.ts:14:3 › pages v2 sans débordement ni titre manquant 768x1024 (757ms)
  ✓  168 tests/browser/responsive-site-v2.spec.ts:14:3 › pages v2 sans débordement ni titre manquant 1024x768 (502ms)
  ✓  169 tests/browser/responsive-site-v2.spec.ts:14:3 › pages v2 sans débordement ni titre manquant 1440x900 (512ms)
  ✓  170 tests/browser/responsive-site-v2.spec.ts:14:3 › pages v2 sans débordement ni titre manquant 1920x1080 (512ms)
  ✓  171 tests/browser/responsive-site-v2.spec.ts:52:1 › crawl : le DOM rendu ne contredit pas le HTML initial (803ms)
  ✓  172 tests/browser/review.spec.ts:4:3 › première vue utile 320x740 (494ms)
  ✓  173 tests/browser/review.spec.ts:4:3 › première vue utile 375x812 (237ms)
  ✓  174 tests/browser/review.spec.ts:4:3 › première vue utile 1024x768 (397ms)
  ✓  175 tests/browser/review.spec.ts:4:3 › première vue utile 1366x768 (285ms)
  ✓  176 tests/browser/review.spec.ts:15:1 › navigation mobile visible reste au clavier sans verrouiller le fond (500ms)
  ✓  177 tests/browser/review.spec.ts:28:1 › garanties cohérentes avec les limites et les données (270ms)
  ✓  178 tests/browser/review.spec.ts:34:1 › promesse tablette conserve des colonnes lisibles (326ms)
  ✓  179 tests/browser/review.spec.ts:42:3 › navigation et CTA sur une ligne à 1024px (281ms)
  ✓  180 tests/browser/review.spec.ts:42:3 › navigation et CTA sur une ligne à 1366px (451ms)
  ✓  181 tests/browser/sections-redesign.spec.ts:6:3 › capacités éditoriales et méthode en quinconce à 320 (964ms)
  ✓  182 tests/browser/sections-redesign.spec.ts:6:3 › capacités éditoriales et méthode en quinconce à 375 (1.0s)
  ✓  183 tests/browser/sections-redesign.spec.ts:6:3 › capacités éditoriales et méthode en quinconce à 768 (785ms)
  ✓  184 tests/browser/sections-redesign.spec.ts:6:3 › capacités éditoriales et méthode en quinconce à 1024 (1.1s)
  ✓  185 tests/browser/sections-redesign.spec.ts:6:3 › capacités éditoriales et méthode en quinconce à 1440 (953ms)
  ✓  186 tests/browser/sections-redesign.spec.ts:6:3 › capacités éditoriales et méthode en quinconce à 1920 (935ms)
  ✓  187 tests/browser/site.spec.ts:5:3 › accueil sans débordement à 320px (2.3s)
  ✓  188 tests/browser/site.spec.ts:5:3 › accueil sans débordement à 375px (2.0s)
  ✓  189 tests/browser/site.spec.ts:5:3 › accueil sans débordement à 768px (2.0s)
  ✓  190 tests/browser/site.spec.ts:5:3 › accueil sans débordement à 1024px (2.8s)
  ✓  191 tests/browser/site.spec.ts:5:3 › accueil sans débordement à 1366px (2.1s)
  ✓  192 tests/browser/site.spec.ts:5:3 › accueil sans débordement à 1440px (2.6s)
  ✓  193 tests/browser/site.spec.ts:5:3 › accueil sans débordement à 1920px (2.2s)
  ✓  194 tests/browser/site.spec.ts:19:1 › ancre FAQ : le fragment ouvre le détail, le clavier le referme (532ms)
  ✓  195 tests/browser/site.spec.ts:29:1 › cinq usages illustratifs, aucun catalogue public (563ms)
  ✓  196 tests/browser/site.spec.ts:38:1 › FAQ DOM et JSON-LD identiques, ancres locales complètes (585ms)
  ✓  197 tests/browser/site.spec.ts:58:1 › contenu et navigation sans JavaScript (451ms)
  ✓  198 tests/browser/site.spec.ts:68:1 › reduced-motion garde les étapes lisibles (354ms)
  ✓  199 tests/browser/site.spec.ts:75:1 › navigation desktop : quatre destinations atteignables au clavier et CTA unique (1.2s)
  ✓  200 tests/browser/site.spec.ts:93:1 › accueil : les six ancres historiques restent des cibles servies (593ms)
  ✓  201 tests/browser/site.spec.ts:102:1 › méthode mobile : chaque étape garde son image et son texte dans le flux (1.2s)
  ✓  202 tests/browser/site.spec.ts:117:1 › fragment malformé toléré, navigation intacte et sans erreur (493ms)
  ✓  203 tests/browser/template-a.spec.ts:5:3 › gabarit : destinations visibles et CTA effectif à 320px (1.9s)
  ✓  204 tests/browser/template-a.spec.ts:5:3 › gabarit : destinations visibles et CTA effectif à 375px (1.7s)
  ✓  205 tests/browser/template-a.spec.ts:5:3 › gabarit : destinations visibles et CTA effectif à 768px (1.6s)
  ✓  206 tests/browser/template-a.spec.ts:5:3 › gabarit : destinations visibles et CTA effectif à 1024px (1.4s)
  ✓  207 tests/browser/template-a.spec.ts:5:3 › gabarit : destinations visibles et CTA effectif à 1440px (1.3s)
  ✓  208 tests/browser/template-a.spec.ts:5:3 › gabarit : destinations visibles et CTA effectif à 1920px (1.5s)
  ✓  209 tests/browser/template-a.spec.ts:43:1 › dates : aucun repli inventé ; les dates éditoriales explicites restent concordantes (685ms)


  1) tests/browser/outils.spec.ts:343:1 › outils publiés : zéro requête et zéro stockage après armement 

    Error: expect(received).toBe(expected) // Object.is equality

    Expected: true
    Received: false

      387 |     if (outil.slug === 'verificateur-fec-local') {
      388 |       const asset = new RegExp(`^GET ${new URL(page.url()).origin.replace(/[.*+?^${}()|[\]\\]/g, '\\$&')}/_astro/fec-worker\\.[a-zA-Z0-9_-]+\\.js$`);
    > 389 |       expect(requests.every(request => asset.test(request))).toBe(true);
          |                                                              ^
      390 |     } else expect(requests).toEqual([]);
      391 |     page.off('request', listener);
      392 |   }
        at /Users/kevinkitanga/.hermes/kanban/workspaces/t_38b4100f/tests/browser/outils.spec.ts:389:62

    attachment #1: screenshot (image/png) ──────────────────────────────────────────────────────────
    .qa/test-results/outils-outils-publiés-zéro-3a34a-éro-stockage-après-armement/test-failed-1.png
    ────────────────────────────────────────────────────────────────────────────────────────────────

    Error Context: .qa/test-results/outils-outils-publiés-zéro-3a34a-éro-stockage-après-armement/error-context.md

  1 failed
    tests/browser/outils.spec.ts:343:1 › outils publiés : zéro requête et zéro stockage après armement 
  208 passed (3.8m)
