
Running 42 tests using 1 worker

  ✓   1 tests/browser/outils.spec.ts:14:1 › hub : outils disponibles et schéma de collection (495ms)
  ✓   2 tests/browser/outils.spec.ts:35:1 › footer : le hub et les outils publiés sont générés, le témoin reste absent (595ms)
  ✓   3 tests/browser/outils.spec.ts:44:1 › marge : calcul exact, marge négative et refus visibles (1.2s)
  ✓   4 tests/browser/outils.spec.ts:64:1 › marge : exemple, copie, export, effacement et événements de mesure (940ms)
  ✓   5 tests/browser/outils.spec.ts:97:1 › échéance : les deux conventions divergent et l’absence de convention est refusée (3.2s)
  ✓   6 tests/browser/outils.spec.ts:130:1 › amortissement : plan linéaire tracé, dégressif confirmé et entrées incohérentes refusées (3.6s)
  ✓   7 tests/browser/outils.spec.ts:205:1 › rapprochement : CSV exact et refus d’une différence (1.3s)
  ✓   8 tests/browser/outils.spec.ts:242:1 › contrat de liens : le registre borne les outils publiés et leurs sorties (913ms)
  ✓   9 tests/browser/outils.spec.ts:258:1 › pour continuer : trois niveaux lisibles, clavier et responsive sans débordement (496ms)
  ✓  10 tests/browser/outils.spec.ts:284:1 › outils publiés : métadonnées, source liée et schémas concordent (765ms)
  ✓  11 tests/browser/outils.spec.ts:311:1 › outils et services : les entrées respectent la préférence de mouvement réduit (381ms)
  ✓  12 tests/browser/outils.spec.ts:328:1 › maillage entrant : trois contextes rendus par outil, dont le hub et une ressource exacte (719ms)
  ✓  13 tests/browser/outils.spec.ts:346:1 › outils publiés : zéro requête et zéro stockage après armement (6.4s)
  ✓  14 tests/browser/outils.spec.ts:414:1 › témoin : noindex, CSP, quatre surfaces et liens sortants concordants (311ms)
  ✓  15 tests/browser/outils.spec.ts:442:1 › témoin : le garde détecte toute requête après armement, puis exige zéro (1.1s)
  ✓  16 tests/browser/outils.spec.ts:488:1 › contact : accord saisi avant le chargement JavaScript conservé et appliqué (2.6s)
  ✓  17 tests/browser/outils.spec.ts:520:1 › outil vers contact : origine attribuée après accord distinct, sans envoi avant validation volontaire (2.4s)
  ✓  18 tests/browser/outils.spec.ts:556:3 › hub, outils et témoin sans débordement à 320px (588ms)
  ✓  19 tests/browser/outils.spec.ts:556:3 › hub, outils et témoin sans débordement à 375px (638ms)
  ✓  20 tests/browser/outils.spec.ts:556:3 › hub, outils et témoin sans débordement à 768px (660ms)
  ✓  21 tests/browser/outils.spec.ts:556:3 › hub, outils et témoin sans débordement à 1024px (594ms)
  ✓  22 tests/browser/outils.spec.ts:556:3 › hub, outils et témoin sans débordement à 1440px (680ms)
  ✓  23 tests/browser/outils.spec.ts:556:3 › hub, outils et témoin sans débordement à 1920px (641ms)
  ✓  24 tests/browser/prompt-comptable.spec.ts:11:1 › amorces, édition contrôlée, export exact et copie ; aucune donnée dans les événements (1.4s)
  ✓  25 tests/browser/prompt-comptable.spec.ts:51:1 › refus accessibles et aucune édition écrasée sans confirmation (1.6s)
  ✓  26 tests/browser/prompt-comptable.spec.ts:89:1 › toutes les amorces, choix configurables et effacement explicite (1.5s)
  ✓  27 tests/browser/prompt-comptable.spec.ts:109:1 › maillage, médias propres, canonical et sitemap (372ms)
  ✓  28 tests/browser/prompt-comptable.spec.ts:121:56 › clavier et aucun débordement à 320px (463ms)
  ✓  29 tests/browser/prompt-comptable.spec.ts:121:56 › clavier et aucun débordement à 375px (828ms)
  ✓  30 tests/browser/prompt-comptable.spec.ts:121:56 › clavier et aucun débordement à 768px (462ms)
  ✓  31 tests/browser/prompt-comptable.spec.ts:121:56 › clavier et aucun débordement à 1024px (558ms)
  ✓  32 tests/browser/prompt-comptable.spec.ts:121:56 › clavier et aucun débordement à 1440px (1.0s)
  ✓  33 tests/browser/prompt-comptable.spec.ts:121:56 › clavier et aucun débordement à 1920px (572ms)
  ✓  34 tests/browser/prompt-reprise.spec.ts:9:1 › choix modifiés : sortie conservée mais copie bloquée jusqu’à nouvel assemblage (546ms)
  ✓  35 tests/browser/prompt-reprise.spec.ts:22:1 › copie refusée : sélection du texte édité sans perte (613ms)
  ✓  36 tests/browser/template-a.spec.ts:5:3 › gabarit : destinations visibles et CTA effectif à 320px (1.5s)
  ✓  37 tests/browser/template-a.spec.ts:5:3 › gabarit : destinations visibles et CTA effectif à 375px (1.6s)
  ✓  38 tests/browser/template-a.spec.ts:5:3 › gabarit : destinations visibles et CTA effectif à 768px (1.9s)
  ✓  39 tests/browser/template-a.spec.ts:5:3 › gabarit : destinations visibles et CTA effectif à 1024px (1.2s)
  ✓  40 tests/browser/template-a.spec.ts:5:3 › gabarit : destinations visibles et CTA effectif à 1440px (1.2s)
  ✓  41 tests/browser/template-a.spec.ts:5:3 › gabarit : destinations visibles et CTA effectif à 1920px (1.1s)
  ✓  42 tests/browser/template-a.spec.ts:43:1 › dates : aucun repli inventé ; les dates éditoriales explicites restent concordantes (679ms)

  42 passed (51.8s)
