{
  "checkedAt": "2026-10-04T20:12:25.044Z",
  "glossaryMainIdentical": true,
  "originalReviewPreserved": true,
  "reason": "Ajout du lien outil 04 dans le footer généré ; aucune matière du glossaire modifiée.",
  "old": {
    "bytes": 315253,
    "sha256": "e8b566b06e8aff435021d284557fef18d5e730992155f5dd624edbb3ff1263eb",
    "digest": "f3dff236ec443392cdcd7837d9f2b95f2e2c011422eeb93c39853cf2845aac50"
  },
  "next": {
    "bytes": 315449,
    "sha256": "be4d59c3d5357a44a47233759318947f50a374c231a9f61fdd21b38343f70ad2",
    "digest": "321f2de3001de0c095bfc94d15d07f62a127780a309a58404386d9cdfd8928d9"
  }
}

Sujet de la revue ancré dans docs/qa/outils-prompt/chrome/sujet-ancre.json pour T.

T : revue réaffirmée sur 5d3d157be8a911c2a0b406da73747910557e843a81ca35e471698cc5a91da43d (1 feuille(s) déclarée(s) : buildOutputDigest.buildOutputDigest).
Rapport écrit dans docs/qa/outils-prompt/chrome/reaffirmation.json.

PASS : matière identique à main, deux reconstructions, 27 verdicts conservés.
