check : 40 preuves v2 conformes à leur manifeste.
  qualification        27 Ko
  proposition          33 Ko
  devis                30 Ko
  perimetre            31 Ko
  refus-attendu        32 Ko
  recette-cabinet      32 Ko
  exception-visible    36 Ko
  fichiers-en-place    39 Ko
  perimetre-ecrit      26 Ko
  une-personne         23 Ko
  regle-mots           34 Ko
  avant-echange        33 Ko
  deux-issues          29 Ko
  hero-service         46 Ko
  hero-methode         54 Ko
  hero-garanties       51 Ko
  hero-apropos         52 Ko
  hero-contact         49 Ko
  service-paie         43 Ko
  service-saisie-comptable 41 Ko
  service-rapprochement-bancaire 40 Ko
  service-notes-de-frais 37 Ko
  service-factures-fournisseurs 40 Ko
  outils-hub           38 Ko
  outil-marge          23 Ko
  outil-echeance       23 Ko
  outil-rapprochement  30 Ko
  outil-amortissement  30 Ko
  outil-prompt         34 Ko
